{
  "cohortPolls": 28,
  "cohortPollsters": 7,
  "groups": [
    "coalition",
    "opposition",
    "opposition_raam"
  ],
  "slopes": [
    -0.25402903172644553,
    -0.8200759775762259,
    -0.8333044642443164
  ],
  "counts": [
    2815672320,
    9543168,
    15886368
  ],
  "total": 10749542400,
  "p": [
    0.26193415637860085,
    0.0008877743484224966,
    0.0014778645833333334
  ],
  "method": "Independent direct scalar Cartesian enumeration in bounded chunks, preserving exact integer-score permutation multiplicities; no searchsorted counting. Relative fieldwork-day arithmetic avoids cancellation.",
  "compressedHalfSizes": [
    [
      114,
      312
    ],
    [
      1242,
      702
    ],
    [
      1656,
      1152
    ]
  ],
  "individual": [
    {
      "pollsterId": "direct_polls",
      "slope": [
        0.0,
        -0.3805060918462928,
        -0.28209934395501435
      ],
      "p": [
        1.0,
        0.3333333333333333,
        0.5
      ]
    },
    {
      "pollsterId": "hamadad_consortium",
      "slope": [
        -1.0878378378378493,
        -0.4729729729729826,
        -0.9932432432432527
      ],
      "p": [
        0.5,
        0.6666666666666666,
        0.3333333333333333
      ]
    },
    {
      "pollsterId": "kantar",
      "slope": [
        -1.5543122344752192e-15,
        -1.5543122344752192e-15,
        -2.3869795029440866e-15
      ],
      "p": [
        1.0,
        1.0,
        1.0
      ]
    },
    {
      "pollsterId": "lazar",
      "slope": [
        -0.03686366296080057,
        -1.3639555295494474,
        -1.3639555295494552
      ],
      "p": [
        0.9,
        0.1,
        0.1
      ]
    },
    {
      "pollsterId": "midgam_geva",
      "slope": [
        -0.9767441860465118,
        -1.4651162790697636,
        -0.8953488372092989
      ],
      "p": [
        0.6666666666666666,
        0.6666666666666666,
        0.6666666666666666
      ]
    },
    {
      "pollsterId": "next_data",
      "slope": [
        -0.20143884892086206,
        0.20143884892086406,
        -0.03021582733812639
      ],
      "p": [
        0.3333333333333333,
        0.3333333333333333,
        1.0
      ]
    },
    {
      "pollsterId": "tatika",
      "slope": [
        0.5,
        -2.299999999999997,
        -2.3000000000000007
      ],
      "p": [
        0.5,
        0.08333333333333333,
        0.16666666666666666
      ]
    }
  ]
}
