{
  "overall": [
    {
      "partyId": "yashar",
      "partyName": "ישר!",
      "weightedFirstSeats": 23.288315587184854,
      "weightedLastSeats": 21.860303916717342,
      "weightedNetDelta": -1.4280116704675125,
      "slopePerWeek": -0.47910117266723234,
      "pValue": 0.011026556069958848,
      "wholeSeriesSignFlipP": 0.0625,
      "upwardSeries": 1,
      "downwardSeries": 5,
      "flatSeries": 1,
      "zeroSeatsThroughout": false,
      "qValue": 0.0624838177297668,
      "wholeSeriesSignFlipQ": 0.53125
    },
    {
      "partyId": "likud",
      "partyName": "הליכוד",
      "weightedFirstSeats": 23.274146795789697,
      "weightedLastSeats": 22.705312293279235,
      "weightedNetDelta": -0.5688345025104629,
      "slopePerWeek": -0.20021946142260647,
      "pValue": 0.1601020233196159,
      "wholeSeriesSignFlipP": 0.21875,
      "upwardSeries": 3,
      "downwardSeries": 4,
      "flatSeries": 0,
      "zeroSeatsThroughout": false,
      "qValue": 0.6493055555555556,
      "wholeSeriesSignFlipQ": 0.85
    },
    {
      "partyId": "beyachad",
      "partyName": "ביחד",
      "weightedFirstSeats": 12.000297803563038,
      "weightedLastSeats": 10.713704572264552,
      "weightedNetDelta": -1.2865932312984856,
      "slopePerWeek": -0.5044031872748124,
      "pValue": 0.005385159465020576,
      "wholeSeriesSignFlipP": 0.0625,
      "upwardSeries": 1,
      "downwardSeries": 5,
      "flatSeries": 1,
      "zeroSeatsThroughout": false,
      "qValue": 0.04722222222222222,
      "wholeSeriesSignFlipQ": 0.53125
    },
    {
      "partyId": "democrats",
      "partyName": "הדמוקרטים",
      "weightedFirstSeats": 8.997675118175227,
      "weightedLastSeats": 9.285579692167618,
      "weightedNetDelta": 0.28790457399239155,
      "slopePerWeek": 0.0715306354495618,
      "pValue": 0.5090123456790123,
      "wholeSeriesSignFlipP": 0.6875,
      "upwardSeries": 3,
      "downwardSeries": 2,
      "flatSeries": 2,
      "zeroSeatsThroughout": false,
      "qValue": 0.78665544332211,
      "wholeSeriesSignFlipQ": 1.0
    },
    {
      "partyId": "yisrael_beiteinu",
      "partyName": "ישראל ביתנו",
      "weightedFirstSeats": 8.135046319633114,
      "weightedLastSeats": 8.28932912631572,
      "weightedNetDelta": 0.1542828066826054,
      "slopePerWeek": 0.09189774691625706,
      "pValue": 0.45243055555555556,
      "wholeSeriesSignFlipP": 0.6875,
      "upwardSeries": 3,
      "downwardSeries": 2,
      "flatSeries": 2,
      "zeroSeatsThroughout": false,
      "qValue": 0.78665544332211,
      "wholeSeriesSignFlipQ": 1.0
    },
    {
      "partyId": "utj",
      "partyName": "יהדות התורה",
      "weightedFirstSeats": 7.856554482569238,
      "weightedLastSeats": 7.708345991859508,
      "weightedNetDelta": -0.14820849070973077,
      "slopePerWeek": -0.09504320028769558,
      "pValue": 0.31333333333333335,
      "wholeSeriesSignFlipP": 0.375,
      "upwardSeries": 2,
      "downwardSeries": 3,
      "flatSeries": 2,
      "zeroSeatsThroughout": false,
      "qValue": 0.7287061149691358,
      "wholeSeriesSignFlipQ": 1.0
    },
    {
      "partyId": "joint",
      "partyName": "הרשימה המשותפת",
      "weightedFirstSeats": 7.0,
      "weightedLastSeats": 7.426402524210569,
      "weightedNetDelta": 0.4264025242105684,
      "slopePerWeek": 0.10428242993465436,
      "pValue": 0.1909722222222222,
      "wholeSeriesSignFlipP": 0.25,
      "upwardSeries": 3,
      "downwardSeries": 1,
      "flatSeries": 3,
      "zeroSeatsThroughout": false,
      "qValue": 0.6493055555555556,
      "wholeSeriesSignFlipQ": 0.85
    },
    {
      "partyId": "shas",
      "partyName": "ש״ס",
      "weightedFirstSeats": 7.852805048421137,
      "weightedLastSeats": 7.710670873684281,
      "weightedNetDelta": -0.14213417473685613,
      "slopePerWeek": -0.03801410163425839,
      "pValue": 0.4722222222222222,
      "wholeSeriesSignFlipP": 0.5,
      "upwardSeries": 1,
      "downwardSeries": 2,
      "flatSeries": 4,
      "zeroSeatsThroughout": false,
      "qValue": 0.78665544332211,
      "wholeSeriesSignFlipQ": 1.0
    },
    {
      "partyId": "otzma",
      "partyName": "עוצמה יהודית",
      "weightedFirstSeats": 7.286593231298486,
      "weightedLastSeats": 7.1470817419494415,
      "weightedNetDelta": -0.1395114893490444,
      "slopePerWeek": -0.13555614704677277,
      "pValue": 0.34292052469135803,
      "wholeSeriesSignFlipP": 0.53125,
      "upwardSeries": 2,
      "downwardSeries": 4,
      "flatSeries": 1,
      "zeroSeatsThroughout": false,
      "qValue": 0.7287061149691358,
      "wholeSeriesSignFlipQ": 1.0
    },
    {
      "partyId": "rz_zehut",
      "partyName": "הציונות הדתית–זהות",
      "weightedFirstSeats": 5.568536698947424,
      "weightedLastSeats": 5.5746110149203,
      "weightedNetDelta": 0.006074315972874639,
      "slopePerWeek": 0.00728712886850294,
      "pValue": 0.965787037037037,
      "wholeSeriesSignFlipP": 0.90625,
      "upwardSeries": 3,
      "downwardSeries": 3,
      "flatSeries": 1,
      "zeroSeatsThroughout": false,
      "qValue": 1.0,
      "wholeSeriesSignFlipQ": 1.0
    },
    {
      "partyId": "raam",
      "partyName": "רע״ם",
      "weightedFirstSeats": 5.1444590565616295,
      "weightedLastSeats": 5.0,
      "weightedNetDelta": -0.14445905656162955,
      "slopePerWeek": -0.0132284866680882,
      "pValue": 0.9004629629629629,
      "wholeSeriesSignFlipP": 1.0,
      "upwardSeries": 2,
      "downwardSeries": 2,
      "flatSeries": 3,
      "zeroSeatsThroughout": false,
      "qValue": 1.0,
      "wholeSeriesSignFlipQ": 1.0
    },
    {
      "partyId": "winter",
      "partyName": "עמך ישראל",
      "weightedFirstSeats": 3.0027358950172336,
      "weightedLastSeats": 3.5735974757894318,
      "weightedNetDelta": 0.570861580772198,
      "slopePerWeek": 0.2075167497963868,
      "pValue": 0.28935185185185186,
      "wholeSeriesSignFlipP": 0.75,
      "upwardSeries": 2,
      "downwardSeries": 2,
      "flatSeries": 3,
      "zeroSeatsThroughout": false,
      "qValue": 0.7287061149691358,
      "wholeSeriesSignFlipQ": 1.0
    },
    {
      "partyId": "hendel",
      "partyName": "המילואימניקים והכלכלית",
      "weightedFirstSeats": 0.5928339628389231,
      "weightedLastSeats": 3.005060776842007,
      "weightedNetDelta": 2.412226814003084,
      "slopePerWeek": 0.9830510660361027,
      "pValue": 0.005555555555555556,
      "wholeSeriesSignFlipP": 0.125,
      "upwardSeries": 4,
      "downwardSeries": 0,
      "flatSeries": 3,
      "zeroSeatsThroughout": false,
      "qValue": 0.04722222222222222,
      "wholeSeriesSignFlipQ": 0.7083333333333334
    },
    {
      "partyId": "gantz",
      "partyName": "כחול לבן",
      "weightedFirstSeats": 0.0,
      "weightedLastSeats": 0.0,
      "weightedNetDelta": 0.0,
      "slopePerWeek": 0.0,
      "pValue": 1.0,
      "wholeSeriesSignFlipP": 1.0,
      "upwardSeries": 0,
      "downwardSeries": 0,
      "flatSeries": 7,
      "zeroSeatsThroughout": true,
      "qValue": 1.0,
      "wholeSeriesSignFlipQ": 1.0
    },
    {
      "partyId": "noam",
      "partyName": "נעם לישראל",
      "weightedFirstSeats": 0.0,
      "weightedLastSeats": 0.0,
      "weightedNetDelta": 0.0,
      "slopePerWeek": 0.0,
      "pValue": 1.0,
      "wholeSeriesSignFlipP": 1.0,
      "upwardSeries": 0,
      "downwardSeries": 0,
      "flatSeries": 7,
      "zeroSeatsThroughout": true,
      "qValue": 1.0,
      "wholeSeriesSignFlipQ": 1.0
    },
    {
      "partyId": "haredi_public",
      "partyName": "הציבור החרדי",
      "weightedFirstSeats": 0.0,
      "weightedLastSeats": 0.0,
      "weightedNetDelta": 0.0,
      "slopePerWeek": 0.0,
      "pValue": 1.0,
      "wholeSeriesSignFlipP": 1.0,
      "upwardSeries": 0,
      "downwardSeries": 0,
      "flatSeries": 7,
      "zeroSeatsThroughout": true,
      "qValue": 1.0,
      "wholeSeriesSignFlipQ": 1.0
    },
    {
      "partyId": "israel_first",
      "partyName": "ישראל תחילה",
      "weightedFirstSeats": 0.0,
      "weightedLastSeats": 0.0,
      "weightedNetDelta": 0.0,
      "slopePerWeek": 0.0,
      "pValue": 1.0,
      "wholeSeriesSignFlipP": 1.0,
      "upwardSeries": 0,
      "downwardSeries": 0,
      "flatSeries": 7,
      "zeroSeatsThroughout": true,
      "qValue": 1.0,
      "wholeSeriesSignFlipQ": 1.0
    }
  ],
  "individualRaw": [
    {
      "pollsterId": "lazar",
      "partyId": "yashar",
      "partyName": "ישר!",
      "nPolls": 5,
      "nDeltas": 4,
      "weight": 0.143445517430762,
      "firstPublication": "2026-09-09",
      "lastPublication": "2026-10-02",
      "firstSeats": 25,
      "lastSeats": 21,
      "netDelta": -4,
      "slopePerWeek": -1.3373317729666496,
      "pValue": 0.016666666666666666,
      "constantSeatSeries": false,
      "seats": [
        25,
        25,
        23,
        22,
        21
      ],
      "deltas": [
        0,
        -2,
        -1,
        -1
      ],
      "qValue": 1.0
    }
  ],
  "individualBH": [],
  "permutations": 10749542400
}
